exports[`test renders correctly 1`] = `
<View
  accessibilityComponentType={undefined}
  accessibilityLabel={undefined}
  accessibilityTraits={undefined}
  accessible={true}
  hitSlop={undefined}
  onLayout={undefined}
  onResponderGrant={[Function]}
  onResponderMove={[Function]}
  onResponderRelease={[Function]}
  onResponderTerminate={[Function]}
  onResponderTerminationRequest={[Function]}
  onStartShouldSetResponder={[Function]}
  style={
    Array [
      Object {
        "backgroundColor": "transparent",
      },
      Array [
        Object {
          "alignSelf": "stretch",
          "borderRadius": 5,
          "flex": 1,
          "height": 44,
          "justifyContent": "center",
          "overflow": "hidden",
        },
        undefined,
      ],
    ]
  }
  testID={undefined}>
  <View
    style={
      Object {
        "alignItems": "center",
        "justifyContent": "center",
      }
    }>
    <Text
      accessible={true}
      allowFontScaling={true}
      ellipsizeMode="tail"
      style={
        Object {
          "fontSize": 18,
        }
      }>
      Button Text
    </Text>
  </View>
</View>
`;
